Started GET "/" for 127.0.0.1 at 2026-05-30 23:38:09 +0100
  [1m[35m (0.4ms)[0m  [1m[35mCREATE TABLE "schema_migrations" ("version" varchar NOT NULL PRIMARY KEY) /*application='StripeRubyPractice'*/[0m
  [1m[35m (0.1ms)[0m  [1m[35mCREATE TABLE "ar_internal_metadata" ("key" varchar NOT NULL PRIMARY KEY, "value" varchar, "created_at" datetime(6) NOT NULL, "updated_at" datetime(6) NOT NULL) /*application='StripeRubyPractice'*/[0m
  [1m[36mActiveRecord::SchemaMigration Load (0.2ms)[0m  [1m[34mSELECT "schema_migrations"."version" FROM "schema_migrations" ORDER BY "schema_migrations"."version" ASC /*application='StripeRubyPractice'*/[0m
Processing by Rails::WelcomeController#index as HTML
  Rendering /Users/cianboyle/.rbenv/versions/3.3.6/lib/ruby/gems/3.3.0/gems/railties-8.1.3/lib/rails/templates/rails/welcome/index.html.erb
  Rendered /Users/cianboyle/.rbenv/versions/3.3.6/lib/ruby/gems/3.3.0/gems/railties-8.1.3/lib/rails/templates/rails/welcome/index.html.erb (Duration: 0.5ms | GC: 0.0ms)
Completed 200 OK in 26ms (Views: 7.5ms | ActiveRecord: 0.0ms (0 queries, 0 cached) | GC: 0.0ms)


Started GET "/home/index" for 127.0.0.1 at 2026-05-30 23:38:15 +0100
Processing by HomeController#index as HTML
  Rendering layout layouts/application.html.erb
  Rendering home/index.html.erb within layouts/application
  Rendered home/index.html.erb within layouts/application (Duration: 9.0ms | GC: 8.6ms)
  Rendered layout layouts/application.html.erb (Duration: 19.3ms | GC: 9.7ms)
Completed 200 OK in 38ms (Views: 20.9ms | ActiveRecord: 0.0ms (0 queries, 0 cached) | GC: 9.7ms)


Started GET "/" for 127.0.0.1 at 2026-05-30 23:41:01 +0100
Processing by HomeController#index as HTML
  Rendering layout layouts/application.html.erb
  Rendering home/index.html.erb within layouts/application
  Rendered home/index.html.erb within layouts/application (Duration: 0.2ms | GC: 0.0ms)
  Rendered layout layouts/application.html.erb (Duration: 11.3ms | GC: 0.6ms)
Completed 200 OK in 15ms (Views: 13.2ms | ActiveRecord: 0.0ms (0 queries, 0 cached) | GC: 0.6ms)


